cargo :    Compiling windows-link v0.2.1
At line:1 char:145
+ ... ent]::GetEnvironmentVariable("Path","U
ser"); cargo build 2>&1 | Tee-O ...
+                                           
       ~~~~~~~~~~~~~~~~
    + CategoryInfo          : NotSpecified: 
    (   Compiling windows-link v0.2.1:Stri  
  ng) [], RemoteException
    + FullyQualifiedErrorId : NativeCommand 
   Error
 
   Compiling proc-macro2 v1.0.105
   Compiling quote v1.0.43
   Compiling once_cell_polyfill v1.70.2
   Compiling anstyle v1.0.13
   Compiling utf8parse v0.2.2
   Compiling colorchoice v1.0.4
   Compiling is_terminal_polyfill v1.70.2
   Compiling windows-sys v0.61.2
   Compiling anstyle-parse v0.2.7
   Compiling clap_lex v0.7.7
   Compiling strsim v0.11.1
error: linker `link.exe` not found
  |
  = note: program not found

note: the msvc targets depend on the msvc 
linker but `link.exe` was not found

note: please ensure that Visual Studio 2017 
or later, or Build Tools for Visual Studio 
were installed with the Visual C++ option.

note: VS Code is a different product, and 
is not sufficient.

error: could not compile `quote` (build 
script) due to 1 previous error
warning: build failed, waiting for other 
jobs to finish...
error: could not compile `proc-macro2` 
(build script) due to 1 previous error
